<?php return array (
  0 => 'Symfony\\Bundle\\FrameworkBundle\\Controller\\AbstractController',
  1 => 'Symfony\\Bundle\\FrameworkBundle\\Controller\\Controller',
  2 => 'Customize\\Controller\\TopController',
  3 => 'Customize\\Entity\\ProductTrait',
  4 => 'Doctrine\\Bundle\\DoctrineBundle\\Controller\\ProfilerController',
  5 => 'Doctrine\\ORM\\Cache\\Persister\\Entity\\AbstractEntityPersister',
  6 => 'Doctrine\\ORM\\Cache\\Persister\\Entity\\CachedEntityPersister',
  7 => 'Doctrine\\ORM\\Cache\\Persister\\Entity\\NonStrictReadWriteCachedEntityPersister',
  8 => 'Doctrine\\ORM\\Cache\\Persister\\Entity\\ReadOnlyCachedEntityPersister',
  9 => 'Doctrine\\ORM\\Cache\\Persister\\Entity\\ReadWriteCachedEntityPersister',
  10 => 'Doctrine\\ORM\\Persisters\\Entity\\AbstractEntityInheritancePersister',
  11 => 'Doctrine\\ORM\\Persisters\\Entity\\BasicEntityPersister',
  12 => 'Doctrine\\ORM\\Persisters\\Entity\\CachedPersisterContext',
  13 => 'Doctrine\\ORM\\Persisters\\Entity\\EntityPersister',
  14 => 'Doctrine\\ORM\\Persisters\\Entity\\JoinedSubclassPersister',
  15 => 'Doctrine\\ORM\\Persisters\\Entity\\SingleTablePersister',
  16 => 'Eccube\\Controller\\AbstractController',
  17 => 'Eccube\\Controller\\AbstractShoppingController',
  18 => 'Eccube\\Controller\\Admin\\AbstractCsvImportController',
  19 => 'Eccube\\Controller\\Admin\\AdminController',
  20 => 'Eccube\\Controller\\Admin\\Content\\BlockController',
  21 => 'Eccube\\Controller\\Admin\\Content\\CacheController',
  22 => 'Eccube\\Controller\\Admin\\Content\\CssController',
  23 => 'Eccube\\Controller\\Admin\\Content\\FileController',
  24 => 'Eccube\\Controller\\Admin\\Content\\JsController',
  25 => 'Eccube\\Controller\\Admin\\Content\\LayoutController',
  26 => 'Eccube\\Controller\\Admin\\Content\\MaintenanceController',
  27 => 'Eccube\\Controller\\Admin\\Content\\NewsController',
  28 => 'Eccube\\Controller\\Admin\\Content\\PageController',
  29 => 'Eccube\\Controller\\Admin\\Customer\\CustomerController',
  30 => 'Eccube\\Controller\\Admin\\Customer\\CustomerDeliveryEditController',
  31 => 'Eccube\\Controller\\Admin\\Customer\\CustomerEditController',
  32 => 'Eccube\\Controller\\Admin\\Order\\CsvImportController',
  33 => 'Eccube\\Controller\\Admin\\Order\\EditController',
  34 => 'Eccube\\Controller\\Admin\\Order\\MailController',
  35 => 'Eccube\\Controller\\Admin\\Order\\OrderController',
  36 => 'Eccube\\Controller\\Admin\\Order\\ShippingController',
  37 => 'Eccube\\Controller\\Admin\\Product\\CategoryController',
  38 => 'Eccube\\Controller\\Admin\\Product\\ClassCategoryController',
  39 => 'Eccube\\Controller\\Admin\\Product\\ClassNameController',
  40 => 'Eccube\\Controller\\Admin\\Product\\CsvImportController',
  41 => 'Eccube\\Controller\\Admin\\Product\\ProductClassController',
  42 => 'Eccube\\Controller\\Admin\\Product\\ProductController',
  43 => 'Eccube\\Controller\\Admin\\Product\\TagController',
  44 => 'Eccube\\Controller\\Admin\\Setting\\Shop\\CsvController',
  45 => 'Eccube\\Controller\\Admin\\Setting\\Shop\\DeliveryController',
  46 => 'Eccube\\Controller\\Admin\\Setting\\Shop\\MailController',
  47 => 'Eccube\\Controller\\Admin\\Setting\\Shop\\PaymentController',
  48 => 'Eccube\\Controller\\Admin\\Setting\\Shop\\ShopController',
  49 => 'Eccube\\Controller\\Admin\\Setting\\Shop\\TaxRuleController',
  50 => 'Eccube\\Controller\\Admin\\Setting\\System\\AuthorityController',
  51 => 'Eccube\\Controller\\Admin\\Setting\\System\\LogController',
  52 => 'Eccube\\Controller\\Admin\\Setting\\System\\MasterdataController',
  53 => 'Eccube\\Controller\\Admin\\Setting\\System\\MemberController',
  54 => 'Eccube\\Controller\\Admin\\Setting\\System\\SecurityController',
  55 => 'Eccube\\Controller\\Admin\\Setting\\System\\SystemController',
  56 => 'Eccube\\Controller\\Admin\\Store\\OwnerStoreController',
  57 => 'Eccube\\Controller\\Admin\\Store\\PluginController',
  58 => 'Eccube\\Controller\\Admin\\Store\\TemplateController',
  59 => 'Eccube\\Controller\\Block\\CartController',
  60 => 'Eccube\\Controller\\Block\\SearchProductController',
  61 => 'Eccube\\Controller\\CartController',
  62 => 'Eccube\\Controller\\ContactController',
  63 => 'Eccube\\Controller\\EntryController',
  64 => 'Eccube\\Controller\\ForgotController',
  65 => 'Eccube\\Controller\\HelpController',
  66 => 'Eccube\\Controller\\Install\\InstallController',
  67 => 'Eccube\\Controller\\Mypage\\ChangeController',
  68 => 'Eccube\\Controller\\Mypage\\DeliveryController',
  69 => 'Eccube\\Controller\\Mypage\\MypageController',
  70 => 'Eccube\\Controller\\Mypage\\WithdrawController',
  71 => 'Eccube\\Controller\\NonMemberShoppingController',
  72 => 'Eccube\\Controller\\ProductController',
  73 => 'Eccube\\Controller\\ShippingMultipleController',
  74 => 'Eccube\\Controller\\ShoppingController',
  75 => 'Eccube\\Controller\\TopController',
  76 => 'Eccube\\Controller\\UserDataController',
  77 => 'Eccube\\Entity\\AbstractEntity',
  78 => 'Eccube\\Entity\\AuthorityRole',
  79 => 'Eccube\\Entity\\BaseInfo',
  80 => 'Eccube\\Entity\\Block',
  81 => 'Eccube\\Entity\\BlockPosition',
  82 => 'Eccube\\Entity\\Cart',
  83 => 'Eccube\\Entity\\CartItem',
  84 => 'Eccube\\Entity\\Category',
  85 => 'Eccube\\Entity\\ClassCategory',
  86 => 'Eccube\\Entity\\ClassName',
  87 => 'Eccube\\Entity\\Csv',
  88 => 'Eccube\\Entity\\Customer',
  89 => 'Eccube\\Entity\\CustomerAddress',
  90 => 'Eccube\\Entity\\CustomerFavoriteProduct',
  91 => 'Eccube\\Entity\\Delivery',
  92 => 'Eccube\\Entity\\DeliveryDuration',
  93 => 'Eccube\\Entity\\DeliveryFee',
  94 => 'Eccube\\Entity\\DeliveryTime',
  95 => 'Eccube\\Entity\\ExportCsvRow',
  96 => 'Eccube\\Entity\\ItemHolderInterface',
  97 => 'Eccube\\Entity\\ItemInterface',
  98 => 'Eccube\\Entity\\Layout',
  99 => 'Eccube\\Entity\\MailHistory',
  100 => 'Eccube\\Entity\\MailTemplate',
  101 => 'Eccube\\Entity\\Master\\AbstractMasterEntity',
  102 => 'Eccube\\Entity\\Master\\Authority',
  103 => 'Eccube\\Entity\\Master\\Country',
  104 => 'Eccube\\Entity\\Master\\CsvType',
  105 => 'Eccube\\Entity\\Master\\CustomerOrderStatus',
  106 => 'Eccube\\Entity\\Master\\CustomerStatus',
  107 => 'Eccube\\Entity\\Master\\DeviceType',
  108 => 'Eccube\\Entity\\Master\\Job',
  109 => 'Eccube\\Entity\\Master\\OrderItemType',
  110 => 'Eccube\\Entity\\Master\\OrderStatus',
  111 => 'Eccube\\Entity\\Master\\OrderStatusColor',
  112 => 'Eccube\\Entity\\Master\\PageMax',
  113 => 'Eccube\\Entity\\Master\\Pref',
  114 => 'Eccube\\Entity\\Master\\ProductListMax',
  115 => 'Eccube\\Entity\\Master\\ProductListOrderBy',
  116 => 'Eccube\\Entity\\Master\\ProductStatus',
  117 => 'Eccube\\Entity\\Master\\RoundingType',
  118 => 'Eccube\\Entity\\Master\\SaleType',
  119 => 'Eccube\\Entity\\Master\\Sex',
  120 => 'Eccube\\Entity\\Master\\TaxDisplayType',
  121 => 'Eccube\\Entity\\Master\\TaxType',
  122 => 'Eccube\\Entity\\Master\\Work',
  123 => 'Eccube\\Entity\\Member',
  124 => 'Eccube\\Entity\\NameTrait',
  125 => 'Eccube\\Entity\\News',
  126 => 'Eccube\\Entity\\Order',
  127 => 'Eccube\\Entity\\OrderItem',
  128 => 'Eccube\\Entity\\OrderPdf',
  129 => 'Eccube\\Entity\\Page',
  130 => 'Eccube\\Entity\\PageLayout',
  131 => 'Eccube\\Entity\\Payment',
  132 => 'Eccube\\Entity\\PaymentOption',
  133 => 'Eccube\\Entity\\Plugin',
  134 => 'Eccube\\Entity\\PointRateTrait',
  135 => 'Eccube\\Entity\\PointTrait',
  136 => 'Eccube\\Entity\\Product',
  137 => 'Eccube\\Entity\\ProductCategory',
  138 => 'Eccube\\Entity\\ProductClass',
  139 => 'Eccube\\Entity\\ProductImage',
  140 => 'Eccube\\Entity\\ProductStock',
  141 => 'Eccube\\Entity\\ProductTag',
  142 => 'Eccube\\Entity\\PurchaseInterface',
  143 => 'Eccube\\Entity\\Shipping',
  144 => 'Eccube\\Entity\\Tag',
  145 => 'Eccube\\Entity\\TaxRule',
  146 => 'Eccube\\Entity\\Template',
  147 => 'JsonSchema\\Entity\\JsonPointer',
  148 => 'Plugin\\AnnotatedRouting\\Controller\\AnnotatedRoutingController',
  149 => 'Plugin\\Api\\Controller\\Admin\\GraphiQLController',
  150 => 'Plugin\\Api\\Controller\\Admin\\OAuthController',
  151 => 'Plugin\\Api\\Controller\\Admin\\WebHookController',
  152 => 'Plugin\\Api\\Controller\\ApiController',
  153 => 'Plugin\\Api\\Entity\\WebHook',
  154 => 'Plugin\\CMBlog\\Controller\\Admin\\BlogController',
  155 => 'Plugin\\CMBlog\\Controller\\Admin\\CategoryController',
  156 => 'Plugin\\CMBlog\\Controller\\Admin\\ConfigController',
  157 => 'Plugin\\CMBlog\\Controller\\Admin\\ImageController',
  158 => 'Plugin\\CMBlog\\Controller\\Web\\BlogController',
  159 => 'Plugin\\CMBlog\\Entity\\Blog',
  160 => 'Plugin\\CMBlog\\Entity\\BlogCategory',
  161 => 'Plugin\\CMBlog\\Entity\\BlogImage',
  162 => 'Plugin\\CMBlog\\Entity\\BlogStatus',
  163 => 'Plugin\\CMBlog\\Entity\\Category',
  164 => 'Plugin\\CMBlog\\Entity\\Config',
  165 => 'Plugin\\CategoryRecommend4\\Controller\\CategoryRecommendController',
  166 => 'Plugin\\CategoryRecommend4\\Controller\\CategoryRecommendSearchModelController',
  167 => 'Plugin\\CategoryRecommend4\\Entity\\CategoryRecommendProduct',
  168 => 'Plugin\\CheckProduct4\\Controller\\Block\\CheckProductController',
  169 => 'Plugin\\ContactManagement4\\Controller\\Admin\\ConfigController',
  170 => 'Plugin\\ContactManagement4\\Controller\\Admin\\ContactController',
  171 => 'Plugin\\ContactManagement4\\Controller\\Admin\\ContactEditController',
  172 => 'Plugin\\ContactManagement4\\Controller\\Admin\\ContactReplyEditController',
  173 => 'Plugin\\ContactManagement4\\Controller\\Admin\\SearchCustomerController',
  174 => 'Plugin\\ContactManagement4\\Entity\\Config',
  175 => 'Plugin\\ContactManagement4\\Entity\\Contact',
  176 => 'Plugin\\ContactManagement4\\Entity\\ContactReply',
  177 => 'Plugin\\ContactManagement4\\Entity\\ContactStatus',
  178 => 'Plugin\\ContactManagement4\\Entity\\Extension\\CustomerTrait',
  179 => 'Plugin\\ContactManagement4\\Entity\\MailHistory',
  180 => 'Plugin\\DeliveryPlus4\\Controller\\Admin\\ConfigController',
  181 => 'Plugin\\DeliveryPlus4\\Controller\\Admin\\DeliveryPlusDesignController',
  182 => 'Plugin\\DeliveryPlus4\\Entity\\CartTrait',
  183 => 'Plugin\\DeliveryPlus4\\Entity\\DeliveryPlusConfig',
  184 => 'Plugin\\DeliveryPlus4\\Entity\\DeliveryTrait',
  185 => 'Plugin\\DeliveryPlus4\\Entity\\ProductClassTrait',
  186 => 'Plugin\\DeliveryPlus4\\Entity\\ProductTrait',
  187 => 'Plugin\\EccubeUpdater403to404\\Controller\\Admin\\ConfigController',
  188 => 'Plugin\\EccubeUpdater405to406\\Controller\\Admin\\ConfigController',
  189 => 'Plugin\\EntityExtension\\Entity\\CustomerSortNoTrait',
  190 => 'Plugin\\EntityForm\\Entity\\ProductUrlTrait',
  191 => 'Plugin\\FacebookAdsExtention\\Controller\\Admin\\ConfigController',
  192 => 'Plugin\\FacebookAdsExtention\\Controller\\ProductFeedController',
  193 => 'Plugin\\FacebookAdsExtention\\Entity\\Config',
  194 => 'Plugin\\GmoPaymentGateway4\\Controller\\Admin\\ConfigController',
  195 => 'Plugin\\GmoPaymentGateway4\\Controller\\Admin\\OrderController',
  196 => 'Plugin\\GmoPaymentGateway4\\Controller\\Admin\\PaymentStatusController',
  197 => 'Plugin\\GmoPaymentGateway4\\Controller\\MypageCardController',
  198 => 'Plugin\\GmoPaymentGateway4\\Controller\\ReceiveController',
  199 => 'Plugin\\GmoPaymentGateway4\\Entity\\CustomerTrait',
  200 => 'Plugin\\GmoPaymentGateway4\\Entity\\GmoConfig',
  201 => 'Plugin\\GmoPaymentGateway4\\Entity\\GmoMember',
  202 => 'Plugin\\GmoPaymentGateway4\\Entity\\GmoOrderPayment',
  203 => 'Plugin\\GmoPaymentGateway4\\Entity\\GmoPaymentInput',
  204 => 'Plugin\\GmoPaymentGateway4\\Entity\\GmoPaymentMethod',
  205 => 'Plugin\\GmoPaymentGateway4\\Entity\\OrderTrait',
  206 => 'Plugin\\GmoPaymentGateway4\\Entity\\PaymentTrait',
  207 => 'Plugin\\HogePlugin\\Controller\\IndexController',
  208 => 'Plugin\\MigrationSample\\Entity\\BaseInfo3Trait',
  209 => 'Plugin\\ReferralCode\\Controller\\Admin\\EditController',
  210 => 'Plugin\\ReferralCode\\Controller\\Admin\\ReferralCodeConfigController',
  211 => 'Plugin\\ReferralCode\\Controller\\Admin\\ReferralCodeController',
  212 => 'Plugin\\ReferralCode\\Controller\\Admin\\ReferralCodeSearchModelController',
  213 => 'Plugin\\ReferralCode\\Controller\\CustomizedCartController',
  214 => 'Plugin\\ReferralCode\\Controller\\CustomizedShoppingController',
  215 => 'Plugin\\ReferralCode\\Controller\\ShoppingController',
  216 => 'Plugin\\ReferralCode\\Entity\\ReferralCode',
  217 => 'Plugin\\ReferralCode\\Entity\\ReferralCodeConfig',
  218 => 'Plugin\\ReferralCode\\Entity\\ReferralCodeDeliveryConfig',
  219 => 'Plugin\\ReferralCode\\Entity\\ReferralCodeDetail',
  220 => 'Plugin\\ReferralCode\\Entity\\ReferralCodeOrder',
  221 => 'Plugin\\ReferralCode\\Entity\\ReferralCodeUser',
  222 => 'Plugin\\RelatedProduct4\\Controller\\Admin\\RelatedProductController',
  223 => 'Plugin\\RelatedProduct4\\Entity\\ProductTrait',
  224 => 'Plugin\\RelatedProduct4\\Entity\\RelatedProduct',
  225 => 'Plugin\\SortProduct4Plus\\Controller\\Admin\\SortProductController',
  226 => 'Plugin\\SortProduct4Plus\\Entity\\SortProduct',
  227 => 'Plugin\\SortProduct4Plus\\Entity\\SortProductJoin',
  228 => 'Plugin\\SortProduct4Plus\\Entity\\SortProductOrderBy',
  229 => 'Plugin\\YamatoPayment4\\Controller\\Admin\\ConfigController',
  230 => 'Plugin\\YamatoPayment4\\Controller\\Admin\\PaymentStatusController',
  231 => 'Plugin\\YamatoPayment4\\Controller\\CreditController',
  232 => 'Plugin\\YamatoPayment4\\Controller\\PaymentController',
  233 => 'Plugin\\YamatoPayment4\\Controller\\PaymentRecvController',
  234 => 'Plugin\\YamatoPayment4\\Entity\\Config',
  235 => 'Plugin\\YamatoPayment4\\Entity\\OrderTrait',
  236 => 'Plugin\\YamatoPayment4\\Entity\\ProductTrait',
  237 => 'Plugin\\YamatoPayment4\\Entity\\ShippingTrait',
  238 => 'Plugin\\YamatoPayment4\\Entity\\YamatoOrder',
  239 => 'Plugin\\YamatoPayment4\\Entity\\YamatoPaymentMethod',
  240 => 'Plugin\\YamatoPayment4\\Entity\\YamatoPaymentStatus',
  241 => 'Plugin\\YamatoSubscription\\Controller\\Admin\\YamatoSubscriptionConfigController',
  242 => 'Plugin\\YamatoSubscription\\Controller\\Admin\\YamatoSubscriptionController',
  243 => 'Plugin\\YamatoSubscription\\Controller\\Admin\\YamatoSubscriptionDetailChangeContentsController',
  244 => 'Plugin\\YamatoSubscription\\Controller\\Admin\\YamatoSubscriptionDetailController',
  245 => 'Plugin\\YamatoSubscription\\Controller\\Admin\\YamatoSubscriptionDetailShippingController',
  246 => 'Plugin\\YamatoSubscription\\Controller\\Admin\\YamatoSubscriptionDiscountController',
  247 => 'Plugin\\YamatoSubscription\\Controller\\Admin\\YamatoSubscriptionSearchModelController',
  248 => 'Plugin\\YamatoSubscription\\Controller\\ControllerTrait',
  249 => 'Plugin\\YamatoSubscription\\Controller\\MypageController',
  250 => 'Plugin\\YamatoSubscription\\Controller\\MypageDetailController',
  251 => 'Plugin\\YamatoSubscription\\Controller\\ShoppingController',
  252 => 'Plugin\\YamatoSubscription\\Entity\\Traits\\OrderTrait',
  253 => 'Plugin\\YamatoSubscription\\Entity\\Traits\\PointRateTrait',
  254 => 'Plugin\\YamatoSubscription\\Entity\\Traits\\PointTrait',
  255 => 'Plugin\\YamatoSubscription\\Entity\\Traits\\YamatoPayment4\\OrderTrait',
  256 => 'Plugin\\YamatoSubscription\\Entity\\Traits\\YamatoPayment4\\ShippingTrait',
  257 => 'Plugin\\YamatoSubscription\\Entity\\YamatoSubs',
  258 => 'Plugin\\YamatoSubscription\\Entity\\YamatoSubsConfig',
  259 => 'Plugin\\YamatoSubscription\\Entity\\YamatoSubsDiscountCategory',
  260 => 'Plugin\\YamatoSubscription\\Entity\\YamatoSubsDiscountProduct',
  261 => 'Plugin\\YamatoSubscription\\Entity\\YamatoSubsHistory',
  262 => 'Plugin\\YamatoSubscription\\Entity\\YamatoSubsUsersOrder',
  263 => 'Plugin\\YamatoSubscription\\Entity\\YamatoSubsUsersOrderItem',
  264 => 'Plugin\\YamatoSubscription\\Entity\\YamatoSubsUsersReferralCodeOrder',
  265 => 'Plugin\\YamatoSubscription\\Entity\\YamatoSubsUsersShipping',
  268 => 'Symfony\\Bundle\\FrameworkBundle\\Controller\\ControllerNameParser',
  269 => 'Symfony\\Bundle\\FrameworkBundle\\Controller\\ControllerResolver',
  270 => 'Symfony\\Bundle\\FrameworkBundle\\Controller\\ControllerTrait',
  271 => 'Symfony\\Bundle\\FrameworkBundle\\Controller\\RedirectController',
  272 => 'Symfony\\Bundle\\FrameworkBundle\\Controller\\TemplateController',
  273 => 'Symfony\\Bundle\\TwigBundle\\Controller\\ExceptionController',
  274 => 'Symfony\\Bundle\\TwigBundle\\Controller\\PreviewErrorController',
  275 => 'Symfony\\Bundle\\WebProfilerBundle\\Controller\\ExceptionController',
  276 => 'Symfony\\Bundle\\WebProfilerBundle\\Controller\\ProfilerController',
  277 => 'Symfony\\Bundle\\WebProfilerBundle\\Controller\\RouterController',
  278 => 'Symfony\\Component\\HttpKernel\\Controller\\ArgumentResolver',
  279 => 'Symfony\\Component\\HttpKernel\\Controller\\ArgumentResolverInterface',
  280 => 'Symfony\\Component\\HttpKernel\\Controller\\ArgumentResolver\\DefaultValueResolver',
  281 => 'Symfony\\Component\\HttpKernel\\Controller\\ArgumentResolver\\RequestAttributeValueResolver',
  282 => 'Symfony\\Component\\HttpKernel\\Controller\\ArgumentResolver\\RequestValueResolver',
  283 => 'Symfony\\Component\\HttpKernel\\Controller\\ArgumentResolver\\ServiceValueResolver',
  284 => 'Symfony\\Component\\HttpKernel\\Controller\\ArgumentResolver\\SessionValueResolver',
  285 => 'Symfony\\Component\\HttpKernel\\Controller\\ArgumentResolver\\VariadicValueResolver',
  286 => 'Symfony\\Component\\HttpKernel\\Controller\\ArgumentValueResolverInterface',
  287 => 'Symfony\\Component\\HttpKernel\\Controller\\ContainerControllerResolver',
  288 => 'Symfony\\Component\\HttpKernel\\Controller\\ControllerReference',
  289 => 'Symfony\\Component\\HttpKernel\\Controller\\ControllerResolver',
  290 => 'Symfony\\Component\\HttpKernel\\Controller\\ControllerResolverInterface',
  291 => 'Symfony\\Component\\HttpKernel\\Controller\\TraceableArgumentResolver',
  292 => 'Symfony\\Component\\HttpKernel\\Controller\\TraceableControllerResolver',
  293 => 'Trikoder\\Bundle\\OAuth2Bundle\\Controller\\AuthorizationController',
  294 => 'Trikoder\\Bundle\\OAuth2Bundle\\Controller\\TokenController',
  295 => 'Trikoder\\Bundle\\OAuth2Bundle\\League\\Entity\\AccessToken',
  296 => 'Trikoder\\Bundle\\OAuth2Bundle\\League\\Entity\\AuthCode',
  297 => 'Trikoder\\Bundle\\OAuth2Bundle\\League\\Entity\\Client',
  298 => 'Trikoder\\Bundle\\OAuth2Bundle\\League\\Entity\\RefreshToken',
  299 => 'Trikoder\\Bundle\\OAuth2Bundle\\League\\Entity\\Scope',
  300 => 'Trikoder\\Bundle\\OAuth2Bundle\\League\\Entity\\User',
);